error[E0277]: the trait bound `(): Foo<FooX>` is not satisfied
  --> $DIR/nested-tait-inference.rs:12:13
   |
LL | fn foo() -> impl Foo<FooX> {
   |             ^^^^^^^^^^^^^^ the trait `Foo<FooX>` is not implemented for `()`
   |
   = help: the following implementations were found:
             <() as Foo<()>>

error: aborting due to previous error

For more information about this error, try `rustc --explain E0277`.
